[dismarkajalan.netlify.app/index.html]
[dismarkajalan.netlify.app/img/logo-dis.png]
[backblue.gif]
[fade.gif]
[index.html]
[dismarkajalan.netlify.app/css/bootstrap.css]
[dismarkajalan.netlify.app/fonts/font-awesome/css/font-awesome.css]
[dismarkajalan.netlify.app/css/style.css]
[dismarkajalan.netlify.app/css/prettyPhoto.css]
[dismarkajalan.netlify.app/js/modernizr.custom.5.delayed]
[dismarkajalan.netlify.app/img/preloader.gif]
[dismarkajalan.netlify.app/img/aboutus.jpg]
[dismarkajalan.netlify.app/img/aspal.jpg]
[dismarkajalan.netlify.app/img/guardrail.jpg]
[dismarkajalan.netlify.app/img/jalanbeton.jpg]
[dismarkajalan.netlify.app/img/pju.jpg]
[dismarkajalan.netlify.app/img/pagarjalan.jpg]
[dismarkajalan.netlify.app/img/pavingjalan.jpg]
[dismarkajalan.netlify.app/img/pembuatantaman.jpg]
[dismarkajalan.netlify.app/img/roadmarking.jpg]
[dismarkajalan.netlify.app/img/roadbarrier.jpg]
[dismarkajalan.netlify.app/img/trafficcone.jpg]
[dismarkajalan.netlify.app/img/trafficlight.jpg]
[dismarkajalan.netlify.app/img/trotoarjalan.jpg]
[dismarkajalan.netlify.app/img/portfolio/a.jpg]
[dismarkajalan.netlify.app/img/portfolio/b.jpg]
[dismarkajalan.netlify.app/img/portfolio/c.jpg]
[dismarkajalan.netlify.app/img/portfolio/d.jpg]
[dismarkajalan.netlify.app/img/portfolio/e.jpg]
[dismarkajalan.netlify.app/img/portfolio/f.jpg]
[dismarkajalan.netlify.app/img/portfolio/g.jpg]
[dismarkajalan.netlify.app/img/portfolio/h.jpg]
[dismarkajalan.netlify.app/img/team/map.png]
[dismarkajalan.netlify.app/img/team/price.png]
[dismarkajalan.netlify.app/img/team/quality.png]
[dismarkajalan.netlify.app/img/team/guarantee.png]
[dismarkajalan.netlify.app/js/jquery.1.11.1.js]
[dismarkajalan.netlify.app/js/bootstrap.js]
[dismarkajalan.netlify.app/js/SmoothScroll.js]
[dismarkajalan.netlify.app/js/jquery.prettyPhoto.js]
[dismarkajalan.netlify.app/js/jquery.isotope.js]
[dismarkajalan.netlify.app/js/jquery.parallax.js]
[dismarkajalan.netlify.app/js/jqBootstrapValidation.js]
[dismarkajalan.netlify.app/js/contact_me.js]
[dismarkajalan.netlify.app/index.html]
[dismarkajalan.netlify.app/js/main.js]
[dismarkajalan.netlify.app/fonts/glyphicons-halflings-regular.29.delayed]
[dismarkajalan.netlify.app/fonts/glyphicons-halflings-regular.2ad41d.delayed]
[dismarkajalan.netlify.app/fonts/glyphicons-halflings-regular.2b.delayed]
[dismarkajalan.netlify.app/fonts/glyphicons-halflings-regular.2c.delayed]
[dismarkajalan.netlify.app/fonts/glyphicons-halflings-regular.2d.delayed]
[dismarkajalan.netlify.app/fonts/glyphicons-halflings-regular.2e.delayed]
[dismarkajalan.netlify.app/css/bootstrap.css]
[dismarkajalan.netlify.app/fonts/font-awesome/fonts/fontawesome-webfonte0a5.eot]
[dismarkajalan.netlify.app/fonts/font-awesome/fonts/fontawesome-webfontd41d.eot]
[dismarkajalan.netlify.app/fonts/font-awesome/fonts/fontawesome-webfonte0a5.woff2]
[dismarkajalan.netlify.app/fonts/font-awesome/fonts/fontawesome-webfonte0a5.woff]
[dismarkajalan.netlify.app/fonts/font-awesome/fonts/fontawesome-webfonte0a5.ttf]
[dismarkajalan.netlify.app/fonts/font-awesome/css/font-awesome.css]
[dismarkajalan.netlify.app/fonts/font-awesome/fonts/fontawesome-webfonte0a5.svg]
[dismarkajalan.netlify.app/img/background2.jpg]
[dismarkajalan.netlify.app/img/services-bg.jpg]
[dismarkajalan.netlify.app/img/testimonials-bg.jpg]
[dismarkajalan.netlify.app/css/style.css]
[dismarkajalan.netlify.app/img/prettyPhoto/default/sprite.png]
[dismarkajalan.netlify.app/img/prettyPhoto/default/sprite_x.png]
[dismarkajalan.netlify.app/img/prettyPhoto/default/sprite_y.png]
[dismarkajalan.netlify.app/img/prettyPhoto/default/sprite_next.png]
[dismarkajalan.netlify.app/img/prettyPhoto/default/sprite_prev.png]
[dismarkajalan.netlify.app/img/prettyPhoto/default/default_thumb.png]
[dismarkajalan.netlify.app/img/prettyPhoto/default/loader.gif]
[dismarkajalan.netlify.app/img/prettyPhoto/light_rounded/sprite.png]
[dismarkajalan.netlify.app/img/prettyPhoto/light_rounded/btnNext.png]
[dismarkajalan.netlify.app/img/prettyPhoto/light_rounded/btnPrevious.png]
[dismarkajalan.netlify.app/img/prettyPhoto/dark_rounded/sprite.png]
[dismarkajalan.netlify.app/img/prettyPhoto/dark_rounded/contentPattern.png]
[dismarkajalan.netlify.app/img/prettyPhoto/dark_rounded/btnNext.png]
[dismarkajalan.netlify.app/img/prettyPhoto/dark_rounded/btnPrevious.png]
[dismarkajalan.netlify.app/img/prettyPhoto/dark_rounded/loader.gif]
[dismarkajalan.netlify.app/img/prettyPhoto/dark_square/loader.gif]
[dismarkajalan.netlify.app/img/prettyPhoto/dark_square/sprite.png]
[dismarkajalan.netlify.app/img/prettyPhoto/dark_square/btnNext.png]
[dismarkajalan.netlify.app/img/prettyPhoto/dark_square/btnPrevious.png]
[dismarkajalan.netlify.app/img/prettyPhoto/light_square/sprite.png]
[dismarkajalan.netlify.app/img/prettyPhoto/light_square/btnNext.png]
[dismarkajalan.netlify.app/img/prettyPhoto/light_square/btnPrevious.png]
[dismarkajalan.netlify.app/img/prettyPhoto/facebook/sprite.png]
[dismarkajalan.netlify.app/img/prettyPhoto/facebook/contentPatternTop.png]
[dismarkajalan.netlify.app/img/prettyPhoto/facebook/contentPatternLeft.png]
[dismarkajalan.netlify.app/img/prettyPhoto/facebook/contentPatternRight.png]
[dismarkajalan.netlify.app/img/prettyPhoto/facebook/loader.gif]
[dismarkajalan.netlify.app/img/prettyPhoto/facebook/btnNext.png]
[dismarkajalan.netlify.app/img/prettyPhoto/facebook/btnPrevious.png]
[dismarkajalan.netlify.app/img/prettyPhoto/facebook/contentPatternBottom.png]
[dismarkajalan.netlify.app/img/prettyPhoto/facebook/default_thumbnail.gif]
[dismarkajalan.netlify.app/img/prettyPhoto/light_rounded/loader.gif]
[dismarkajalan.netlify.app/css/prettyPhoto.css]
[dismarkajalan.netlify.app/js/modernizr.custom.html]
[dismarkajalan.netlify.app/fonts/glyphicons-halflings-regular.html]
[dismarkajalan.netlify.app/fonts/glyphicons-halflings-regulard41d.html]
[dismarkajalan.netlify.app/fonts/glyphicons-halflings-regular-2.html]
[dismarkajalan.netlify.app/fonts/glyphicons-halflings-regular-3.html]
[dismarkajalan.netlify.app/fonts/glyphicons-halflings-regular-4.html]
[dismarkajalan.netlify.app/fonts/glyphicons-halflings-regular-5.html]
[dismarkajalan.netlify.app/fonts/font-awesome/fonts/fontawesome-webfonte0a5.svg]
